<?xml version="1.0" encoding="utf-8"?>
<LinearLayout xmlns:android="http://schemas.android.com/apk/res/android"
    android:layout_width="120dp"
    android:layout_height="230dp"
    android:orientation="vertical"
    android:padding="5dp">


    <TextView
        android:id="@+id/tv_date"
        android:layout_width="wrap_content"
        android:layout_height="wrap_content"
        android:layout_margin="4dp"
        android:text="12月16日"
        android:textColor="#333" />


    <RelativeLayout
        android:layout_marginTop="8dp"
        android:layout_width="100dp"
        android:layout_height="120dp">

        <ImageView
            android:id="@+id/iv_icon"
            android:layout_width="match_parent"
            android:layout_height="match_parent"
            android:scaleType="fitXY"
             />

        <!--<TextView-->
            <!--android:id="@+id/tv_prize_name"-->
            <!--android:layout_width="wrap_content"-->
            <!--android:layout_height="wrap_content"-->
            <!--android:layout_alignParentRight="true"-->
            <!--android:layout_alignParentTop="true"-->
            <!--android:background="#25a7ff"-->
            <!--android:padding="1.5dp"-->
            <!--android:text="最佳影片"-->
            <!--android:textColor="#ffffff"-->
            <!--android:textSize="12dp" />-->
            <FrameLayout
                android:layout_width="30dp"
                android:background="#22000000"
                android:layout_height="30dp">
                <ImageView
                    android:id="@+id/iv_xin"
                    android:layout_gravity="center"
                    android:layout_width="wrap_content"
                    android:background="@drawable/xin"
                    android:layout_height="wrap_content" />
            </FrameLayout>

    </RelativeLayout>

    <TextView
        android:id="@+id/tv_name"
        android:layout_width="wrap_content"
        android:layout_height="wrap_content"
        android:layout_marginBottom="5dp"
        android:layout_marginTop="8dp"
        android:ellipsize="end"
        android:singleLine="true"
        android:text="长城"
        android:textColor="#333" />

    <TextView
        android:id="@+id/tv_wish"
        android:layout_width="wrap_content"
        android:layout_height="wrap_content"
        android:layout_marginTop="3dp"
        android:ellipsize="end"
        android:textSize="12dp"
        android:singleLine="true"
        android:text="182665人想看"
         />

</LinearLayout>